Created by PLY version 3.11 (http://www.dabeaz.com/ply)

Grammar

Rule 0     S' -> main_rule
Rule 1     main_rule -> route_identifiers main_rule
Rule 2     main_rule -> log_line main_rule
Rule 3     main_rule -> log_line
Rule 4     main_rule -> empty
Rule 5     log_line -> date PLUGIN_MSG DIR VAR_SET VAR_VAL
Rule 6     log_line -> date SBIN_IP_MSG IP IP_RNG
Rule 7     log_line -> date TUN_TAP_MSG
Rule 8     log_line -> date SBIN_IP_MSG IP PEER IP
Rule 9     log_line -> date SIGTERM_MSG
Rule 10    log_line -> date OPEN_VPN_MSG MONTH DAY YEAR
Rule 11    log_line -> date LIB_VER_MSG DAY MONTH YEAR LIB_VER_MSG
Rule 12    log_line -> date SYS_MSG
Rule 13    log_line -> date PLUGIN_MSG DIR SPECIAL_CHAR SPECIAL_CHAR DIR SPECIAL_CHAR FLAGS SPECIAL_CHAR VAR_SET VAR_VAL
Rule 14    log_line -> date CRYPTO_MSG
Rule 15    log_line -> date ROUTE_GATEWAY IP SLASH IP VAR_SET VAR_VAL VAR_SET VAR_VAL
Rule 16    log_line -> date SBIN_IP_MSG DAY DAY
Rule 17    log_line -> date SBIN_IP_MSG IP IP_RNG PEER IP
Rule 18    log_line -> date IP_PROTOCOL
Rule 19    log_line -> date CONN_MSG VAR_SET VAR_VAL VAR_SET VAR_VAL
Rule 20    log_line -> date TCP_MSG
Rule 21    log_line -> date SYS_MSG SPECIAL_CHAR VAR_SET VAR_VAL VAR_SET VAR_VAL
Rule 22    log_line -> date CONN_MSG VAR_SET IP VAR_SET VAR_VAL SPECIAL_CHAR VAR_SET VAR_VAL
Rule 23    log_line -> date IFCONFIG_END
Rule 24    log_line -> date COMPLETED
Rule 25    log_line -> date SYS_MSG VAR_SET VAR_VAL VAR_SET VAR_VAL
Rule 26    log_line -> date TCP_MSG IP PORT
Rule 27    log_line -> date IP PORT SYS_MSG FLAGS IP PORT SPECIAL_CHAR VAR_SET VAR_VAL
Rule 28    log_line -> date TCP_MSG IP PORT PLUGIN_MSG DIR VAR_SET VAR_VAL
Rule 29    log_line -> date IP PORT SYS_MSG slmtrp CN_SET
Rule 30    log_line -> date IP PORT CONN_MSG CRYPTO_MSG
Rule 31    log_line -> date IP PORT slmtrp PEER IP PORT
Rule 32    log_line -> date userid CONN_MSG POOL_RET VAR_SET IP SPECIAL_CHAR VAR_SET VAR_VAL
Rule 33    log_line -> date userid PLUGIN_MSG DIR VAR_SET VAR_VAL
Rule 34    log_line -> date userid CONN_MSG CONN_MSG DIR
Rule 35    log_line -> date userid CONN_MSG CONN_MSG IP SPECIAL_CHAR SPECIAL_CHAR id SLASH IP PORT
Rule 36    log_line -> date userid SYS_MSG id SLASH IP PORT COLON IP
Rule 37    log_line -> date userid SYS_MSG
Rule 38    log_line -> date userid SENT_CNT slmtrp COLON SPECIAL_CHAR routeid TOPOLOGY IP IP SPECIAL_CHAR PEER SPECIAL_CHAR CIPHER SPECIAL_CHAR VAR_SET VAR_VAL
Rule 39    log_line -> date userid CONN_MSG CIPHER
Rule 40    log_line -> date IP PORT PLUGIN_MSG DIR VAR_SET VAR_VAL
Rule 41    slmtrp -> SPECIAL_CHAR id SPECIAL_CHAR
Rule 42    slmtrp -> FLAGS
Rule 43    routeid -> route routeid
Rule 44    routeid -> route
Rule 45    route -> ROUTE_FLAG VPN_IP IP
Rule 46    route -> ROUTE_FLAG VPN_IP
Rule 47    userid -> id SLASH IP PORT
Rule 48    id -> CARNET
Rule 49    id -> PROF
Rule 50    date -> WEEK_DAY MONTH DAY CLOCK YEAR
Rule 51    date -> WEEK_DAY MONTH DAY CLOCK
Rule 52    route_identifiers -> ROUTE_HEADER key_value_list ROUTE_HEADER
Rule 53    key_value_list -> key_value_list key_value
Rule 54    key_value_list -> key_value
Rule 55    key_value -> VPN_IP IP
Rule 56    empty -> <empty>

Terminals, with rules where they appear

CARNET               : 48
CIPHER               : 38 39
CLOCK                : 50 51
CN_SET               : 29
COLON                : 36 38
COMPLETED            : 24
CONN_MSG             : 19 22 30 32 34 34 35 35 39
CRYPTO_MSG           : 14 30
DAY                  : 10 11 16 16 50 51
DIR                  : 5 13 13 28 33 34 40
FLAGS                : 13 27 42
IFCONFIG_END         : 23
IP                   : 6 8 8 15 15 17 17 22 26 27 27 28 29 30 31 31 32 35 35 36 36 38 38 40 45 47 55
IP_PROTOCOL          : 18
IP_RNG               : 6 17
LIB_VER_MSG          : 11 11
MONTH                : 10 11 50 51
OPEN_VPN_MSG         : 10
PEER                 : 8 17 31 38
PLUGIN_MSG           : 5 13 28 33 40
POOL_RET             : 32
PORT                 : 26 27 27 28 29 30 31 31 35 36 40 47
PROF                 : 49
ROUTE_FLAG           : 45 46
ROUTE_GATEWAY        : 15
ROUTE_HEADER         : 52 52
SBIN_IP_MSG          : 6 8 16 17
SENT_CNT             : 38
SIGTERM_MSG          : 9
SLASH                : 15 35 36 47
SPECIAL_CHAR         : 13 13 13 13 21 22 27 32 35 35 38 38 38 38 41 41
SYS_MSG              : 12 21 25 27 29 36 37
TCP_MSG              : 20 26 28
TOPOLOGY             : 38
TUN_TAP_MSG          : 7
VAR_SET              : 5 13 15 15 19 19 21 21 22 22 22 25 25 27 28 32 32 33 38 40
VAR_VAL              : 5 13 15 15 19 19 21 21 22 22 25 25 27 28 32 33 38 40
VPN_IP               : 45 46 55
WEEK_DAY             : 50 51
YEAR                 : 10 11 50
error                : 

Nonterminals, with rules where they appear

date                 : 5 6 7 8 9 10 11 12 13 14 15 16 17 18 19 20 21 22 23 24 25 26 27 28 29 30 31 32 33 34 35 36 37 38 39 40
empty                : 4
id                   : 35 36 41 47
key_value            : 53 54
key_value_list       : 52 53
log_line             : 2 3
main_rule            : 1 2 0
route                : 43 44
route_identifiers    : 1
routeid              : 38 43
slmtrp               : 29 31 38
userid               : 32 33 34 35 36 37 38 39

Parsing method: LALR

state 0

    (0) S' -> . main_rule
    (1) main_rule -> . route_identifiers main_rule
    (2) main_rule -> . log_line main_rule
    (3) main_rule -> . log_line
    (4) main_rule -> . empty
    (52) route_identifiers -> . ROUTE_HEADER key_value_list ROUTE_HEADER
    (5) log_line -> . date PLUGIN_MSG DIR VAR_SET VAR_VAL
    (6) log_line -> . date SBIN_IP_MSG IP IP_RNG
    (7) log_line -> . date TUN_TAP_MSG
    (8) log_line -> . date SBIN_IP_MSG IP PEER IP
    (9) log_line -> . date SIGTERM_MSG
    (10) log_line -> . date OPEN_VPN_MSG MONTH DAY YEAR
    (11) log_line -> . date LIB_VER_MSG DAY MONTH YEAR LIB_VER_MSG
    (12) log_line -> . date SYS_MSG
    (13) log_line -> . date PLUGIN_MSG DIR SPECIAL_CHAR SPECIAL_CHAR DIR SPECIAL_CHAR FLAGS SPECIAL_CHAR VAR_SET VAR_VAL
    (14) log_line -> . date CRYPTO_MSG
    (15) log_line -> . date ROUTE_GATEWAY IP SLASH IP VAR_SET VAR_VAL VAR_SET VAR_VAL
    (16) log_line -> . date SBIN_IP_MSG DAY DAY
    (17) log_line -> . date SBIN_IP_MSG IP IP_RNG PEER IP
    (18) log_line -> . date IP_PROTOCOL
    (19) log_line -> . date CONN_MSG VAR_SET VAR_VAL VAR_SET VAR_VAL
    (20) log_line -> . date TCP_MSG
    (21) log_line -> . date SYS_MSG SPECIAL_CHAR VAR_SET VAR_VAL VAR_SET VAR_VAL
    (22) log_line -> . date CONN_MSG VAR_SET IP VAR_SET VAR_VAL SPECIAL_CHAR VAR_SET VAR_VAL
    (23) log_line -> . date IFCONFIG_END
    (24) log_line -> . date COMPLETED
    (25) log_line -> . date SYS_MSG VAR_SET VAR_VAL VAR_SET VAR_VAL
    (26) log_line -> . date TCP_MSG IP PORT
    (27) log_line -> . date IP PORT SYS_MSG FLAGS IP PORT SPECIAL_CHAR VAR_SET VAR_VAL
    (28) log_line -> . date TCP_MSG IP PORT PLUGIN_MSG DIR VAR_SET VAR_VAL
    (29) log_line -> . date IP PORT SYS_MSG slmtrp CN_SET
    (30) log_line -> . date IP PORT CONN_MSG CRYPTO_MSG
    (31) log_line -> . date IP PORT slmtrp PEER IP PORT
    (32) log_line -> . date userid CONN_MSG POOL_RET VAR_SET IP SPECIAL_CHAR VAR_SET VAR_VAL
    (33) log_line -> . date userid PLUGIN_MSG DIR VAR_SET VAR_VAL
    (34) log_line -> . date userid CONN_MSG CONN_MSG DIR
    (35) log_line -> . date userid CONN_MSG CONN_MSG IP SPECIAL_CHAR SPECIAL_CHAR id SLASH IP PORT
    (36) log_line -> . date userid SYS_MSG id SLASH IP PORT COLON IP
    (37) log_line -> . date userid SYS_MSG
    (38) log_line -> . date userid SENT_CNT slmtrp COLON SPECIAL_CHAR routeid TOPOLOGY IP IP SPECIAL_CHAR PEER SPECIAL_CHAR CIPHER SPECIAL_CHAR VAR_SET VAR_VAL
    (39) log_line -> . date userid CONN_MSG CIPHER
    (40) log_line -> . date IP PORT PLUGIN_MSG DIR VAR_SET VAR_VAL
    (56) empty -> .
    (50) date -> . WEEK_DAY MONTH DAY CLOCK YEAR
    (51) date -> . WEEK_DAY MONTH DAY CLOCK

    ROUTE_HEADER    shift and go to state 5
    $end            reduce using rule 56 (empty -> .)
    WEEK_DAY        shift and go to state 7

    main_rule                      shift and go to state 1
    route_identifiers              shift and go to state 2
    log_line                       shift and go to state 3
    empty                          shift and go to state 4
    date                           shift and go to state 6

state 1

    (0) S' -> main_rule .



state 2

    (1) main_rule -> route_identifiers . main_rule
    (1) main_rule -> . route_identifiers main_rule
    (2) main_rule -> . log_line main_rule
    (3) main_rule -> . log_line
    (4) main_rule -> . empty
    (52) route_identifiers -> . ROUTE_HEADER key_value_list ROUTE_HEADER
    (5) log_line -> . date PLUGIN_MSG DIR VAR_SET VAR_VAL
    (6) log_line -> . date SBIN_IP_MSG IP IP_RNG
    (7) log_line -> . date TUN_TAP_MSG
    (8) log_line -> . date SBIN_IP_MSG IP PEER IP
    (9) log_line -> . date SIGTERM_MSG
    (10) log_line -> . date OPEN_VPN_MSG MONTH DAY YEAR
    (11) log_line -> . date LIB_VER_MSG DAY MONTH YEAR LIB_VER_MSG
    (12) log_line -> . date SYS_MSG
    (13) log_line -> . date PLUGIN_MSG DIR SPECIAL_CHAR SPECIAL_CHAR DIR SPECIAL_CHAR FLAGS SPECIAL_CHAR VAR_SET VAR_VAL
    (14) log_line -> . date CRYPTO_MSG
    (15) log_line -> . date ROUTE_GATEWAY IP SLASH IP VAR_SET VAR_VAL VAR_SET VAR_VAL
    (16) log_line -> . date SBIN_IP_MSG DAY DAY
    (17) log_line -> . date SBIN_IP_MSG IP IP_RNG PEER IP
    (18) log_line -> . date IP_PROTOCOL
    (19) log_line -> . date CONN_MSG VAR_SET VAR_VAL VAR_SET VAR_VAL
    (20) log_line -> . date TCP_MSG
    (21) log_line -> . date SYS_MSG SPECIAL_CHAR VAR_SET VAR_VAL VAR_SET VAR_VAL
    (22) log_line -> . date CONN_MSG VAR_SET IP VAR_SET VAR_VAL SPECIAL_CHAR VAR_SET VAR_VAL
    (23) log_line -> . date IFCONFIG_END
    (24) log_line -> . date COMPLETED
    (25) log_line -> . date SYS_MSG VAR_SET VAR_VAL VAR_SET VAR_VAL
    (26) log_line -> . date TCP_MSG IP PORT
    (27) log_line -> . date IP PORT SYS_MSG FLAGS IP PORT SPECIAL_CHAR VAR_SET VAR_VAL
    (28) log_line -> . date TCP_MSG IP PORT PLUGIN_MSG DIR VAR_SET VAR_VAL
    (29) log_line -> . date IP PORT SYS_MSG slmtrp CN_SET
    (30) log_line -> . date IP PORT CONN_MSG CRYPTO_MSG
    (31) log_line -> . date IP PORT slmtrp PEER IP PORT
    (32) log_line -> . date userid CONN_MSG POOL_RET VAR_SET IP SPECIAL_CHAR VAR_SET VAR_VAL
    (33) log_line -> . date userid PLUGIN_MSG DIR VAR_SET VAR_VAL
    (34) log_line -> . date userid CONN_MSG CONN_MSG DIR
    (35) log_line -> . date userid CONN_MSG CONN_MSG IP SPECIAL_CHAR SPECIAL_CHAR id SLASH IP PORT
    (36) log_line -> . date userid SYS_MSG id SLASH IP PORT COLON IP
    (37) log_line -> . date userid SYS_MSG
    (38) log_line -> . date userid SENT_CNT slmtrp COLON SPECIAL_CHAR routeid TOPOLOGY IP IP SPECIAL_CHAR PEER SPECIAL_CHAR CIPHER SPECIAL_CHAR VAR_SET VAR_VAL
    (39) log_line -> . date userid CONN_MSG CIPHER
    (40) log_line -> . date IP PORT PLUGIN_MSG DIR VAR_SET VAR_VAL
    (56) empty -> .
    (50) date -> . WEEK_DAY MONTH DAY CLOCK YEAR
    (51) date -> . WEEK_DAY MONTH DAY CLOCK

    ROUTE_HEADER    shift and go to state 5
    $end            reduce using rule 56 (empty -> .)
    WEEK_DAY        shift and go to state 7

    route_identifiers              shift and go to state 2
    main_rule                      shift and go to state 8
    log_line                       shift and go to state 3
    empty                          shift and go to state 4
    date                           shift and go to state 6

state 3

    (2) main_rule -> log_line . main_rule
    (3) main_rule -> log_line .
    (1) main_rule -> . route_identifiers main_rule
    (2) main_rule -> . log_line main_rule
    (3) main_rule -> . log_line
    (4) main_rule -> . empty
    (52) route_identifiers -> . ROUTE_HEADER key_value_list ROUTE_HEADER
    (5) log_line -> . date PLUGIN_MSG DIR VAR_SET VAR_VAL
    (6) log_line -> . date SBIN_IP_MSG IP IP_RNG
    (7) log_line -> . date TUN_TAP_MSG
    (8) log_line -> . date SBIN_IP_MSG IP PEER IP
    (9) log_line -> . date SIGTERM_MSG
    (10) log_line -> . date OPEN_VPN_MSG MONTH DAY YEAR
    (11) log_line -> . date LIB_VER_MSG DAY MONTH YEAR LIB_VER_MSG
    (12) log_line -> . date SYS_MSG
    (13) log_line -> . date PLUGIN_MSG DIR SPECIAL_CHAR SPECIAL_CHAR DIR SPECIAL_CHAR FLAGS SPECIAL_CHAR VAR_SET VAR_VAL
    (14) log_line -> . date CRYPTO_MSG
    (15) log_line -> . date ROUTE_GATEWAY IP SLASH IP VAR_SET VAR_VAL VAR_SET VAR_VAL
    (16) log_line -> . date SBIN_IP_MSG DAY DAY
    (17) log_line -> . date SBIN_IP_MSG IP IP_RNG PEER IP
    (18) log_line -> . date IP_PROTOCOL
    (19) log_line -> . date CONN_MSG VAR_SET VAR_VAL VAR_SET VAR_VAL
    (20) log_line -> . date TCP_MSG
    (21) log_line -> . date SYS_MSG SPECIAL_CHAR VAR_SET VAR_VAL VAR_SET VAR_VAL
    (22) log_line -> . date CONN_MSG VAR_SET IP VAR_SET VAR_VAL SPECIAL_CHAR VAR_SET VAR_VAL
    (23) log_line -> . date IFCONFIG_END
    (24) log_line -> . date COMPLETED
    (25) log_line -> . date SYS_MSG VAR_SET VAR_VAL VAR_SET VAR_VAL
    (26) log_line -> . date TCP_MSG IP PORT
    (27) log_line -> . date IP PORT SYS_MSG FLAGS IP PORT SPECIAL_CHAR VAR_SET VAR_VAL
    (28) log_line -> . date TCP_MSG IP PORT PLUGIN_MSG DIR VAR_SET VAR_VAL
    (29) log_line -> . date IP PORT SYS_MSG slmtrp CN_SET
    (30) log_line -> . date IP PORT CONN_MSG CRYPTO_MSG
    (31) log_line -> . date IP PORT slmtrp PEER IP PORT
    (32) log_line -> . date userid CONN_MSG POOL_RET VAR_SET IP SPECIAL_CHAR VAR_SET VAR_VAL
    (33) log_line -> . date userid PLUGIN_MSG DIR VAR_SET VAR_VAL
    (34) log_line -> . date userid CONN_MSG CONN_MSG DIR
    (35) log_line -> . date userid CONN_MSG CONN_MSG IP SPECIAL_CHAR SPECIAL_CHAR id SLASH IP PORT
    (36) log_line -> . date userid SYS_MSG id SLASH IP PORT COLON IP
    (37) log_line -> . date userid SYS_MSG
    (38) log_line -> . date userid SENT_CNT slmtrp COLON SPECIAL_CHAR routeid TOPOLOGY IP IP SPECIAL_CHAR PEER SPECIAL_CHAR CIPHER SPECIAL_CHAR VAR_SET VAR_VAL
    (39) log_line -> . date userid CONN_MSG CIPHER
    (40) log_line -> . date IP PORT PLUGIN_MSG DIR VAR_SET VAR_VAL
    (56) empty -> .
    (50) date -> . WEEK_DAY MONTH DAY CLOCK YEAR
    (51) date -> . WEEK_DAY MONTH DAY CLOCK

  ! reduce/reduce conflict for $end resolved using rule 3 (main_rule -> log_line .)
    $end            reduce using rule 3 (main_rule -> log_line .)
    ROUTE_HEADER    shift and go to state 5
    WEEK_DAY        shift and go to state 7

  ! $end            [ reduce using rule 56 (empty -> .) ]

    log_line                       shift and go to state 3
    main_rule                      shift and go to state 9
    route_identifiers              shift and go to state 2
    empty                          shift and go to state 4
    date                           shift and go to state 6

state 4

    (4) main_rule -> empty .

    $end            reduce using rule 4 (main_rule -> empty .)


state 5

    (52) route_identifiers -> ROUTE_HEADER . key_value_list ROUTE_HEADER
    (53) key_value_list -> . key_value_list key_value
    (54) key_value_list -> . key_value
    (55) key_value -> . VPN_IP IP

    VPN_IP          shift and go to state 12

    key_value_list                 shift and go to state 10
    key_value                      shift and go to state 11

state 6

    (5) log_line -> date . PLUGIN_MSG DIR VAR_SET VAR_VAL
    (6) log_line -> date . SBIN_IP_MSG IP IP_RNG
    (7) log_line -> date . TUN_TAP_MSG
    (8) log_line -> date . SBIN_IP_MSG IP PEER IP
    (9) log_line -> date . SIGTERM_MSG
    (10) log_line -> date . OPEN_VPN_MSG MONTH DAY YEAR
    (11) log_line -> date . LIB_VER_MSG DAY MONTH YEAR LIB_VER_MSG
    (12) log_line -> date . SYS_MSG
    (13) log_line -> date . PLUGIN_MSG DIR SPECIAL_CHAR SPECIAL_CHAR DIR SPECIAL_CHAR FLAGS SPECIAL_CHAR VAR_SET VAR_VAL
    (14) log_line -> date . CRYPTO_MSG
    (15) log_line -> date . ROUTE_GATEWAY IP SLASH IP VAR_SET VAR_VAL VAR_SET VAR_VAL
    (16) log_line -> date . SBIN_IP_MSG DAY DAY
    (17) log_line -> date . SBIN_IP_MSG IP IP_RNG PEER IP
    (18) log_line -> date . IP_PROTOCOL
    (19) log_line -> date . CONN_MSG VAR_SET VAR_VAL VAR_SET VAR_VAL
    (20) log_line -> date . TCP_MSG
    (21) log_line -> date . SYS_MSG SPECIAL_CHAR VAR_SET VAR_VAL VAR_SET VAR_VAL
    (22) log_line -> date . CONN_MSG VAR_SET IP VAR_SET VAR_VAL SPECIAL_CHAR VAR_SET VAR_VAL
    (23) log_line -> date . IFCONFIG_END
    (24) log_line -> date . COMPLETED
    (25) log_line -> date . SYS_MSG VAR_SET VAR_VAL VAR_SET VAR_VAL
    (26) log_line -> date . TCP_MSG IP PORT
    (27) log_line -> date . IP PORT SYS_MSG FLAGS IP PORT SPECIAL_CHAR VAR_SET VAR_VAL
    (28) log_line -> date . TCP_MSG IP PORT PLUGIN_MSG DIR VAR_SET VAR_VAL
    (29) log_line -> date . IP PORT SYS_MSG slmtrp CN_SET
    (30) log_line -> date . IP PORT CONN_MSG CRYPTO_MSG
    (31) log_line -> date . IP PORT slmtrp PEER IP PORT
    (32) log_line -> date . userid CONN_MSG POOL_RET VAR_SET IP SPECIAL_CHAR VAR_SET VAR_VAL
    (33) log_line -> date . userid PLUGIN_MSG DIR VAR_SET VAR_VAL
    (34) log_line -> date . userid CONN_MSG CONN_MSG DIR
    (35) log_line -> date . userid CONN_MSG CONN_MSG IP SPECIAL_CHAR SPECIAL_CHAR id SLASH IP PORT
    (36) log_line -> date . userid SYS_MSG id SLASH IP PORT COLON IP
    (37) log_line -> date . userid SYS_MSG
    (38) log_line -> date . userid SENT_CNT slmtrp COLON SPECIAL_CHAR routeid TOPOLOGY IP IP SPECIAL_CHAR PEER SPECIAL_CHAR CIPHER SPECIAL_CHAR VAR_SET VAR_VAL
    (39) log_line -> date . userid CONN_MSG CIPHER
    (40) log_line -> date . IP PORT PLUGIN_MSG DIR VAR_SET VAR_VAL
    (47) userid -> . id SLASH IP PORT
    (48) id -> . CARNET
    (49) id -> . PROF

    PLUGIN_MSG      shift and go to state 13
    SBIN_IP_MSG     shift and go to state 14
    TUN_TAP_MSG     shift and go to state 16
    SIGTERM_MSG     shift and go to state 17
    OPEN_VPN_MSG    shift and go to state 18
    LIB_VER_MSG     shift and go to state 19
    SYS_MSG         shift and go to state 20
    CRYPTO_MSG      shift and go to state 21
    ROUTE_GATEWAY   shift and go to state 22
    IP_PROTOCOL     shift and go to state 23
    CONN_MSG        shift and go to state 24
    TCP_MSG         shift and go to state 25
    IFCONFIG_END    shift and go to state 26
    COMPLETED       shift and go to state 27
    IP              shift and go to state 15
    CARNET          shift and go to state 30
    PROF            shift and go to state 31

    userid                         shift and go to state 28
    id                             shift and go to state 29

state 7

    (50) date -> WEEK_DAY . MONTH DAY CLOCK YEAR
    (51) date -> WEEK_DAY . MONTH DAY CLOCK

    MONTH           shift and go to state 32


state 8

    (1) main_rule -> route_identifiers main_rule .

    $end            reduce using rule 1 (main_rule -> route_identifiers main_rule .)


state 9

    (2) main_rule -> log_line main_rule .

    $end            reduce using rule 2 (main_rule -> log_line main_rule .)


state 10

    (52) route_identifiers -> ROUTE_HEADER key_value_list . ROUTE_HEADER
    (53) key_value_list -> key_value_list . key_value
    (55) key_value -> . VPN_IP IP

    ROUTE_HEADER    shift and go to state 33
    VPN_IP          shift and go to state 12

    key_value                      shift and go to state 34

state 11

    (54) key_value_list -> key_value .

    ROUTE_HEADER    reduce using rule 54 (key_value_list -> key_value .)
    VPN_IP          reduce using rule 54 (key_value_list -> key_value .)


state 12

    (55) key_value -> VPN_IP . IP

    IP              shift and go to state 35


state 13

    (5) log_line -> date PLUGIN_MSG . DIR VAR_SET VAR_VAL
    (13) log_line -> date PLUGIN_MSG . DIR SPECIAL_CHAR SPECIAL_CHAR DIR SPECIAL_CHAR FLAGS SPECIAL_CHAR VAR_SET VAR_VAL

    DIR             shift and go to state 36


state 14

    (6) log_line -> date SBIN_IP_MSG . IP IP_RNG
    (8) log_line -> date SBIN_IP_MSG . IP PEER IP
    (16) log_line -> date SBIN_IP_MSG . DAY DAY
    (17) log_line -> date SBIN_IP_MSG . IP IP_RNG PEER IP

    IP              shift and go to state 37
    DAY             shift and go to state 38


state 15

    (27) log_line -> date IP . PORT SYS_MSG FLAGS IP PORT SPECIAL_CHAR VAR_SET VAR_VAL
    (29) log_line -> date IP . PORT SYS_MSG slmtrp CN_SET
    (30) log_line -> date IP . PORT CONN_MSG CRYPTO_MSG
    (31) log_line -> date IP . PORT slmtrp PEER IP PORT
    (40) log_line -> date IP . PORT PLUGIN_MSG DIR VAR_SET VAR_VAL

    PORT            shift and go to state 39


state 16

    (7) log_line -> date TUN_TAP_MSG .

    ROUTE_HEADER    reduce using rule 7 (log_line -> date TUN_TAP_MSG .)
    WEEK_DAY        reduce using rule 7 (log_line -> date TUN_TAP_MSG .)
    $end            reduce using rule 7 (log_line -> date TUN_TAP_MSG .)


state 17

    (9) log_line -> date SIGTERM_MSG .

    ROUTE_HEADER    reduce using rule 9 (log_line -> date SIGTERM_MSG .)
    WEEK_DAY        reduce using rule 9 (log_line -> date SIGTERM_MSG .)
    $end            reduce using rule 9 (log_line -> date SIGTERM_MSG .)


state 18

    (10) log_line -> date OPEN_VPN_MSG . MONTH DAY YEAR

    MONTH           shift and go to state 40


state 19

    (11) log_line -> date LIB_VER_MSG . DAY MONTH YEAR LIB_VER_MSG

    DAY             shift and go to state 41


state 20

    (12) log_line -> date SYS_MSG .
    (21) log_line -> date SYS_MSG . SPECIAL_CHAR VAR_SET VAR_VAL VAR_SET VAR_VAL
    (25) log_line -> date SYS_MSG . VAR_SET VAR_VAL VAR_SET VAR_VAL

    ROUTE_HEADER    reduce using rule 12 (log_line -> date SYS_MSG .)
    WEEK_DAY        reduce using rule 12 (log_line -> date SYS_MSG .)
    $end            reduce using rule 12 (log_line -> date SYS_MSG .)
    SPECIAL_CHAR    shift and go to state 42
    VAR_SET         shift and go to state 43


state 21

    (14) log_line -> date CRYPTO_MSG .

    ROUTE_HEADER    reduce using rule 14 (log_line -> date CRYPTO_MSG .)
    WEEK_DAY        reduce using rule 14 (log_line -> date CRYPTO_MSG .)
    $end            reduce using rule 14 (log_line -> date CRYPTO_MSG .)


state 22

    (15) log_line -> date ROUTE_GATEWAY . IP SLASH IP VAR_SET VAR_VAL VAR_SET VAR_VAL

    IP              shift and go to state 44


state 23

    (18) log_line -> date IP_PROTOCOL .

    ROUTE_HEADER    reduce using rule 18 (log_line -> date IP_PROTOCOL .)
    WEEK_DAY        reduce using rule 18 (log_line -> date IP_PROTOCOL .)
    $end            reduce using rule 18 (log_line -> date IP_PROTOCOL .)


state 24

    (19) log_line -> date CONN_MSG . VAR_SET VAR_VAL VAR_SET VAR_VAL
    (22) log_line -> date CONN_MSG . VAR_SET IP VAR_SET VAR_VAL SPECIAL_CHAR VAR_SET VAR_VAL

    VAR_SET         shift and go to state 45


state 25

    (20) log_line -> date TCP_MSG .
    (26) log_line -> date TCP_MSG . IP PORT
    (28) log_line -> date TCP_MSG . IP PORT PLUGIN_MSG DIR VAR_SET VAR_VAL

    ROUTE_HEADER    reduce using rule 20 (log_line -> date TCP_MSG .)
    WEEK_DAY        reduce using rule 20 (log_line -> date TCP_MSG .)
    $end            reduce using rule 20 (log_line -> date TCP_MSG .)
    IP              shift and go to state 46


state 26

    (23) log_line -> date IFCONFIG_END .

    ROUTE_HEADER    reduce using rule 23 (log_line -> date IFCONFIG_END .)
    WEEK_DAY        reduce using rule 23 (log_line -> date IFCONFIG_END .)
    $end            reduce using rule 23 (log_line -> date IFCONFIG_END .)


state 27

    (24) log_line -> date COMPLETED .

    ROUTE_HEADER    reduce using rule 24 (log_line -> date COMPLETED .)
    WEEK_DAY        reduce using rule 24 (log_line -> date COMPLETED .)
    $end            reduce using rule 24 (log_line -> date COMPLETED .)


state 28

    (32) log_line -> date userid . CONN_MSG POOL_RET VAR_SET IP SPECIAL_CHAR VAR_SET VAR_VAL
    (33) log_line -> date userid . PLUGIN_MSG DIR VAR_SET VAR_VAL
    (34) log_line -> date userid . CONN_MSG CONN_MSG DIR
    (35) log_line -> date userid . CONN_MSG CONN_MSG IP SPECIAL_CHAR SPECIAL_CHAR id SLASH IP PORT
    (36) log_line -> date userid . SYS_MSG id SLASH IP PORT COLON IP
    (37) log_line -> date userid . SYS_MSG
    (38) log_line -> date userid . SENT_CNT slmtrp COLON SPECIAL_CHAR routeid TOPOLOGY IP IP SPECIAL_CHAR PEER SPECIAL_CHAR CIPHER SPECIAL_CHAR VAR_SET VAR_VAL
    (39) log_line -> date userid . CONN_MSG CIPHER

    CONN_MSG        shift and go to state 47
    PLUGIN_MSG      shift and go to state 48
    SYS_MSG         shift and go to state 49
    SENT_CNT        shift and go to state 50


state 29

    (47) userid -> id . SLASH IP PORT

    SLASH           shift and go to state 51


state 30

    (48) id -> CARNET .

    SLASH           reduce using rule 48 (id -> CARNET .)
    SPECIAL_CHAR    reduce using rule 48 (id -> CARNET .)


state 31

    (49) id -> PROF .

    SLASH           reduce using rule 49 (id -> PROF .)
    SPECIAL_CHAR    reduce using rule 49 (id -> PROF .)


state 32

    (50) date -> WEEK_DAY MONTH . DAY CLOCK YEAR
    (51) date -> WEEK_DAY MONTH . DAY CLOCK

    DAY             shift and go to state 52


state 33

    (52) route_identifiers -> ROUTE_HEADER key_value_list ROUTE_HEADER .

    ROUTE_HEADER    reduce using rule 52 (route_identifiers -> ROUTE_HEADER key_value_list ROUTE_HEADER .)
    WEEK_DAY        reduce using rule 52 (route_identifiers -> ROUTE_HEADER key_value_list ROUTE_HEADER .)
    $end            reduce using rule 52 (route_identifiers -> ROUTE_HEADER key_value_list ROUTE_HEADER .)


state 34

    (53) key_value_list -> key_value_list key_value .

    ROUTE_HEADER    reduce using rule 53 (key_value_list -> key_value_list key_value .)
    VPN_IP          reduce using rule 53 (key_value_list -> key_value_list key_value .)


state 35

    (55) key_value -> VPN_IP IP .

    ROUTE_HEADER    reduce using rule 55 (key_value -> VPN_IP IP .)
    VPN_IP          reduce using rule 55 (key_value -> VPN_IP IP .)


state 36

    (5) log_line -> date PLUGIN_MSG DIR . VAR_SET VAR_VAL
    (13) log_line -> date PLUGIN_MSG DIR . SPECIAL_CHAR SPECIAL_CHAR DIR SPECIAL_CHAR FLAGS SPECIAL_CHAR VAR_SET VAR_VAL

    VAR_SET         shift and go to state 53
    SPECIAL_CHAR    shift and go to state 54


state 37

    (6) log_line -> date SBIN_IP_MSG IP . IP_RNG
    (8) log_line -> date SBIN_IP_MSG IP . PEER IP
    (17) log_line -> date SBIN_IP_MSG IP . IP_RNG PEER IP

    IP_RNG          shift and go to state 55
    PEER            shift and go to state 56


state 38

    (16) log_line -> date SBIN_IP_MSG DAY . DAY

    DAY             shift and go to state 57


state 39

    (27) log_line -> date IP PORT . SYS_MSG FLAGS IP PORT SPECIAL_CHAR VAR_SET VAR_VAL
    (29) log_line -> date IP PORT . SYS_MSG slmtrp CN_SET
    (30) log_line -> date IP PORT . CONN_MSG CRYPTO_MSG
    (31) log_line -> date IP PORT . slmtrp PEER IP PORT
    (40) log_line -> date IP PORT . PLUGIN_MSG DIR VAR_SET VAR_VAL
    (41) slmtrp -> . SPECIAL_CHAR id SPECIAL_CHAR
    (42) slmtrp -> . FLAGS

    SYS_MSG         shift and go to state 58
    CONN_MSG        shift and go to state 62
    PLUGIN_MSG      shift and go to state 63
    SPECIAL_CHAR    shift and go to state 60
    FLAGS           shift and go to state 59

    slmtrp                         shift and go to state 61

state 40

    (10) log_line -> date OPEN_VPN_MSG MONTH . DAY YEAR

    DAY             shift and go to state 64


state 41

    (11) log_line -> date LIB_VER_MSG DAY . MONTH YEAR LIB_VER_MSG

    MONTH           shift and go to state 65


state 42

    (21) log_line -> date SYS_MSG SPECIAL_CHAR . VAR_SET VAR_VAL VAR_SET VAR_VAL

    VAR_SET         shift and go to state 66


state 43

    (25) log_line -> date SYS_MSG VAR_SET . VAR_VAL VAR_SET VAR_VAL

    VAR_VAL         shift and go to state 67


state 44

    (15) log_line -> date ROUTE_GATEWAY IP . SLASH IP VAR_SET VAR_VAL VAR_SET VAR_VAL

    SLASH           shift and go to state 68


state 45

    (19) log_line -> date CONN_MSG VAR_SET . VAR_VAL VAR_SET VAR_VAL
    (22) log_line -> date CONN_MSG VAR_SET . IP VAR_SET VAR_VAL SPECIAL_CHAR VAR_SET VAR_VAL

    VAR_VAL         shift and go to state 69
    IP              shift and go to state 70


state 46

    (26) log_line -> date TCP_MSG IP . PORT
    (28) log_line -> date TCP_MSG IP . PORT PLUGIN_MSG DIR VAR_SET VAR_VAL

    PORT            shift and go to state 71


state 47

    (32) log_line -> date userid CONN_MSG . POOL_RET VAR_SET IP SPECIAL_CHAR VAR_SET VAR_VAL
    (34) log_line -> date userid CONN_MSG . CONN_MSG DIR
    (35) log_line -> date userid CONN_MSG . CONN_MSG IP SPECIAL_CHAR SPECIAL_CHAR id SLASH IP PORT
    (39) log_line -> date userid CONN_MSG . CIPHER

    POOL_RET        shift and go to state 73
    CONN_MSG        shift and go to state 72
    CIPHER          shift and go to state 74


state 48

    (33) log_line -> date userid PLUGIN_MSG . DIR VAR_SET VAR_VAL

    DIR             shift and go to state 75


state 49

    (36) log_line -> date userid SYS_MSG . id SLASH IP PORT COLON IP
    (37) log_line -> date userid SYS_MSG .
    (48) id -> . CARNET
    (49) id -> . PROF

    ROUTE_HEADER    reduce using rule 37 (log_line -> date userid SYS_MSG .)
    WEEK_DAY        reduce using rule 37 (log_line -> date userid SYS_MSG .)
    $end            reduce using rule 37 (log_line -> date userid SYS_MSG .)
    CARNET          shift and go to state 30
    PROF            shift and go to state 31

    id                             shift and go to state 76

state 50

    (38) log_line -> date userid SENT_CNT . slmtrp COLON SPECIAL_CHAR routeid TOPOLOGY IP IP SPECIAL_CHAR PEER SPECIAL_CHAR CIPHER SPECIAL_CHAR VAR_SET VAR_VAL
    (41) slmtrp -> . SPECIAL_CHAR id SPECIAL_CHAR
    (42) slmtrp -> . FLAGS

    SPECIAL_CHAR    shift and go to state 60
    FLAGS           shift and go to state 59

    slmtrp                         shift and go to state 77

state 51

    (47) userid -> id SLASH . IP PORT

    IP              shift and go to state 78


state 52

    (50) date -> WEEK_DAY MONTH DAY . CLOCK YEAR
    (51) date -> WEEK_DAY MONTH DAY . CLOCK

    CLOCK           shift and go to state 79


state 53

    (5) log_line -> date PLUGIN_MSG DIR VAR_SET . VAR_VAL

    VAR_VAL         shift and go to state 80


state 54

    (13) log_line -> date PLUGIN_MSG DIR SPECIAL_CHAR . SPECIAL_CHAR DIR SPECIAL_CHAR FLAGS SPECIAL_CHAR VAR_SET VAR_VAL

    SPECIAL_CHAR    shift and go to state 81


state 55

    (6) log_line -> date SBIN_IP_MSG IP IP_RNG .
    (17) log_line -> date SBIN_IP_MSG IP IP_RNG . PEER IP

    ROUTE_HEADER    reduce using rule 6 (log_line -> date SBIN_IP_MSG IP IP_RNG .)
    WEEK_DAY        reduce using rule 6 (log_line -> date SBIN_IP_MSG IP IP_RNG .)
    $end            reduce using rule 6 (log_line -> date SBIN_IP_MSG IP IP_RNG .)
    PEER            shift and go to state 82


state 56

    (8) log_line -> date SBIN_IP_MSG IP PEER . IP

    IP              shift and go to state 83


state 57

    (16) log_line -> date SBIN_IP_MSG DAY DAY .

    ROUTE_HEADER    reduce using rule 16 (log_line -> date SBIN_IP_MSG DAY DAY .)
    WEEK_DAY        reduce using rule 16 (log_line -> date SBIN_IP_MSG DAY DAY .)
    $end            reduce using rule 16 (log_line -> date SBIN_IP_MSG DAY DAY .)


state 58

    (27) log_line -> date IP PORT SYS_MSG . FLAGS IP PORT SPECIAL_CHAR VAR_SET VAR_VAL
    (29) log_line -> date IP PORT SYS_MSG . slmtrp CN_SET
    (41) slmtrp -> . SPECIAL_CHAR id SPECIAL_CHAR
    (42) slmtrp -> . FLAGS

    FLAGS           shift and go to state 84
    SPECIAL_CHAR    shift and go to state 60

    slmtrp                         shift and go to state 85

state 59

    (42) slmtrp -> FLAGS .

    PEER            reduce using rule 42 (slmtrp -> FLAGS .)
    COLON           reduce using rule 42 (slmtrp -> FLAGS .)


state 60

    (41) slmtrp -> SPECIAL_CHAR . id SPECIAL_CHAR
    (48) id -> . CARNET
    (49) id -> . PROF

    CARNET          shift and go to state 30
    PROF            shift and go to state 31

    id                             shift and go to state 86

state 61

    (31) log_line -> date IP PORT slmtrp . PEER IP PORT

    PEER            shift and go to state 87


state 62

    (30) log_line -> date IP PORT CONN_MSG . CRYPTO_MSG

    CRYPTO_MSG      shift and go to state 88


state 63

    (40) log_line -> date IP PORT PLUGIN_MSG . DIR VAR_SET VAR_VAL

    DIR             shift and go to state 89


state 64

    (10) log_line -> date OPEN_VPN_MSG MONTH DAY . YEAR

    YEAR            shift and go to state 90


state 65

    (11) log_line -> date LIB_VER_MSG DAY MONTH . YEAR LIB_VER_MSG

    YEAR            shift and go to state 91


state 66

    (21) log_line -> date SYS_MSG SPECIAL_CHAR VAR_SET . VAR_VAL VAR_SET VAR_VAL

    VAR_VAL         shift and go to state 92


state 67

    (25) log_line -> date SYS_MSG VAR_SET VAR_VAL . VAR_SET VAR_VAL

    VAR_SET         shift and go to state 93


state 68

    (15) log_line -> date ROUTE_GATEWAY IP SLASH . IP VAR_SET VAR_VAL VAR_SET VAR_VAL

    IP              shift and go to state 94


state 69

    (19) log_line -> date CONN_MSG VAR_SET VAR_VAL . VAR_SET VAR_VAL

    VAR_SET         shift and go to state 95


state 70

    (22) log_line -> date CONN_MSG VAR_SET IP . VAR_SET VAR_VAL SPECIAL_CHAR VAR_SET VAR_VAL

    VAR_SET         shift and go to state 96


state 71

    (26) log_line -> date TCP_MSG IP PORT .
    (28) log_line -> date TCP_MSG IP PORT . PLUGIN_MSG DIR VAR_SET VAR_VAL

    ROUTE_HEADER    reduce using rule 26 (log_line -> date TCP_MSG IP PORT .)
    WEEK_DAY        reduce using rule 26 (log_line -> date TCP_MSG IP PORT .)
    $end            reduce using rule 26 (log_line -> date TCP_MSG IP PORT .)
    PLUGIN_MSG      shift and go to state 97


state 72

    (34) log_line -> date userid CONN_MSG CONN_MSG . DIR
    (35) log_line -> date userid CONN_MSG CONN_MSG . IP SPECIAL_CHAR SPECIAL_CHAR id SLASH IP PORT

    DIR             shift and go to state 98
    IP              shift and go to state 99


state 73

    (32) log_line -> date userid CONN_MSG POOL_RET . VAR_SET IP SPECIAL_CHAR VAR_SET VAR_VAL

    VAR_SET         shift and go to state 100


state 74

    (39) log_line -> date userid CONN_MSG CIPHER .

    ROUTE_HEADER    reduce using rule 39 (log_line -> date userid CONN_MSG CIPHER .)
    WEEK_DAY        reduce using rule 39 (log_line -> date userid CONN_MSG CIPHER .)
    $end            reduce using rule 39 (log_line -> date userid CONN_MSG CIPHER .)


state 75

    (33) log_line -> date userid PLUGIN_MSG DIR . VAR_SET VAR_VAL

    VAR_SET         shift and go to state 101


state 76

    (36) log_line -> date userid SYS_MSG id . SLASH IP PORT COLON IP

    SLASH           shift and go to state 102


state 77

    (38) log_line -> date userid SENT_CNT slmtrp . COLON SPECIAL_CHAR routeid TOPOLOGY IP IP SPECIAL_CHAR PEER SPECIAL_CHAR CIPHER SPECIAL_CHAR VAR_SET VAR_VAL

    COLON           shift and go to state 103


state 78

    (47) userid -> id SLASH IP . PORT

    PORT            shift and go to state 104


state 79

    (50) date -> WEEK_DAY MONTH DAY CLOCK . YEAR
    (51) date -> WEEK_DAY MONTH DAY CLOCK .

    YEAR            shift and go to state 105
    PLUGIN_MSG      reduce using rule 51 (date -> WEEK_DAY MONTH DAY CLOCK .)
    SBIN_IP_MSG     reduce using rule 51 (date -> WEEK_DAY MONTH DAY CLOCK .)
    TUN_TAP_MSG     reduce using rule 51 (date -> WEEK_DAY MONTH DAY CLOCK .)
    SIGTERM_MSG     reduce using rule 51 (date -> WEEK_DAY MONTH DAY CLOCK .)
    OPEN_VPN_MSG    reduce using rule 51 (date -> WEEK_DAY MONTH DAY CLOCK .)
    LIB_VER_MSG     reduce using rule 51 (date -> WEEK_DAY MONTH DAY CLOCK .)
    SYS_MSG         reduce using rule 51 (date -> WEEK_DAY MONTH DAY CLOCK .)
    CRYPTO_MSG      reduce using rule 51 (date -> WEEK_DAY MONTH DAY CLOCK .)
    ROUTE_GATEWAY   reduce using rule 51 (date -> WEEK_DAY MONTH DAY CLOCK .)
    IP_PROTOCOL     reduce using rule 51 (date -> WEEK_DAY MONTH DAY CLOCK .)
    CONN_MSG        reduce using rule 51 (date -> WEEK_DAY MONTH DAY CLOCK .)
    TCP_MSG         reduce using rule 51 (date -> WEEK_DAY MONTH DAY CLOCK .)
    IFCONFIG_END    reduce using rule 51 (date -> WEEK_DAY MONTH DAY CLOCK .)
    COMPLETED       reduce using rule 51 (date -> WEEK_DAY MONTH DAY CLOCK .)
    IP              reduce using rule 51 (date -> WEEK_DAY MONTH DAY CLOCK .)
    CARNET          reduce using rule 51 (date -> WEEK_DAY MONTH DAY CLOCK .)
    PROF            reduce using rule 51 (date -> WEEK_DAY MONTH DAY CLOCK .)


state 80

    (5) log_line -> date PLUGIN_MSG DIR VAR_SET VAR_VAL .

    ROUTE_HEADER    reduce using rule 5 (log_line -> date PLUGIN_MSG DIR VAR_SET VAR_VAL .)
    WEEK_DAY        reduce using rule 5 (log_line -> date PLUGIN_MSG DIR VAR_SET VAR_VAL .)
    $end            reduce using rule 5 (log_line -> date PLUGIN_MSG DIR VAR_SET VAR_VAL .)


state 81

    (13) log_line -> date PLUGIN_MSG DIR SPECIAL_CHAR SPECIAL_CHAR . DIR SPECIAL_CHAR FLAGS SPECIAL_CHAR VAR_SET VAR_VAL

    DIR             shift and go to state 106


state 82

    (17) log_line -> date SBIN_IP_MSG IP IP_RNG PEER . IP

    IP              shift and go to state 107


state 83

    (8) log_line -> date SBIN_IP_MSG IP PEER IP .

    ROUTE_HEADER    reduce using rule 8 (log_line -> date SBIN_IP_MSG IP PEER IP .)
    WEEK_DAY        reduce using rule 8 (log_line -> date SBIN_IP_MSG IP PEER IP .)
    $end            reduce using rule 8 (log_line -> date SBIN_IP_MSG IP PEER IP .)


state 84

    (27) log_line -> date IP PORT SYS_MSG FLAGS . IP PORT SPECIAL_CHAR VAR_SET VAR_VAL
    (42) slmtrp -> FLAGS .

    IP              shift and go to state 108
    CN_SET          reduce using rule 42 (slmtrp -> FLAGS .)


state 85

    (29) log_line -> date IP PORT SYS_MSG slmtrp . CN_SET

    CN_SET          shift and go to state 109


state 86

    (41) slmtrp -> SPECIAL_CHAR id . SPECIAL_CHAR

    SPECIAL_CHAR    shift and go to state 110


state 87

    (31) log_line -> date IP PORT slmtrp PEER . IP PORT

    IP              shift and go to state 111


state 88

    (30) log_line -> date IP PORT CONN_MSG CRYPTO_MSG .

    ROUTE_HEADER    reduce using rule 30 (log_line -> date IP PORT CONN_MSG CRYPTO_MSG .)
    WEEK_DAY        reduce using rule 30 (log_line -> date IP PORT CONN_MSG CRYPTO_MSG .)
    $end            reduce using rule 30 (log_line -> date IP PORT CONN_MSG CRYPTO_MSG .)


state 89

    (40) log_line -> date IP PORT PLUGIN_MSG DIR . VAR_SET VAR_VAL

    VAR_SET         shift and go to state 112


state 90

    (10) log_line -> date OPEN_VPN_MSG MONTH DAY YEAR .

    ROUTE_HEADER    reduce using rule 10 (log_line -> date OPEN_VPN_MSG MONTH DAY YEAR .)
    WEEK_DAY        reduce using rule 10 (log_line -> date OPEN_VPN_MSG MONTH DAY YEAR .)
    $end            reduce using rule 10 (log_line -> date OPEN_VPN_MSG MONTH DAY YEAR .)


state 91

    (11) log_line -> date LIB_VER_MSG DAY MONTH YEAR . LIB_VER_MSG

    LIB_VER_MSG     shift and go to state 113


state 92

    (21) log_line -> date SYS_MSG SPECIAL_CHAR VAR_SET VAR_VAL . VAR_SET VAR_VAL

    VAR_SET         shift and go to state 114


state 93

    (25) log_line -> date SYS_MSG VAR_SET VAR_VAL VAR_SET . VAR_VAL

    VAR_VAL         shift and go to state 115


state 94

    (15) log_line -> date ROUTE_GATEWAY IP SLASH IP . VAR_SET VAR_VAL VAR_SET VAR_VAL

    VAR_SET         shift and go to state 116


state 95

    (19) log_line -> date CONN_MSG VAR_SET VAR_VAL VAR_SET . VAR_VAL

    VAR_VAL         shift and go to state 117


state 96

    (22) log_line -> date CONN_MSG VAR_SET IP VAR_SET . VAR_VAL SPECIAL_CHAR VAR_SET VAR_VAL

    VAR_VAL         shift and go to state 118


state 97

    (28) log_line -> date TCP_MSG IP PORT PLUGIN_MSG . DIR VAR_SET VAR_VAL

    DIR             shift and go to state 119


state 98

    (34) log_line -> date userid CONN_MSG CONN_MSG DIR .

    ROUTE_HEADER    reduce using rule 34 (log_line -> date userid CONN_MSG CONN_MSG DIR .)
    WEEK_DAY        reduce using rule 34 (log_line -> date userid CONN_MSG CONN_MSG DIR .)
    $end            reduce using rule 34 (log_line -> date userid CONN_MSG CONN_MSG DIR .)


state 99

    (35) log_line -> date userid CONN_MSG CONN_MSG IP . SPECIAL_CHAR SPECIAL_CHAR id SLASH IP PORT

    SPECIAL_CHAR    shift and go to state 120


state 100

    (32) log_line -> date userid CONN_MSG POOL_RET VAR_SET . IP SPECIAL_CHAR VAR_SET VAR_VAL

    IP              shift and go to state 121


state 101

    (33) log_line -> date userid PLUGIN_MSG DIR VAR_SET . VAR_VAL

    VAR_VAL         shift and go to state 122


state 102

    (36) log_line -> date userid SYS_MSG id SLASH . IP PORT COLON IP

    IP              shift and go to state 123


state 103

    (38) log_line -> date userid SENT_CNT slmtrp COLON . SPECIAL_CHAR routeid TOPOLOGY IP IP SPECIAL_CHAR PEER SPECIAL_CHAR CIPHER SPECIAL_CHAR VAR_SET VAR_VAL

    SPECIAL_CHAR    shift and go to state 124


state 104

    (47) userid -> id SLASH IP PORT .

    CONN_MSG        reduce using rule 47 (userid -> id SLASH IP PORT .)
    PLUGIN_MSG      reduce using rule 47 (userid -> id SLASH IP PORT .)
    SYS_MSG         reduce using rule 47 (userid -> id SLASH IP PORT .)
    SENT_CNT        reduce using rule 47 (userid -> id SLASH IP PORT .)


state 105

    (50) date -> WEEK_DAY MONTH DAY CLOCK YEAR .

    PLUGIN_MSG      reduce using rule 50 (date -> WEEK_DAY MONTH DAY CLOCK YEAR .)
    SBIN_IP_MSG     reduce using rule 50 (date -> WEEK_DAY MONTH DAY CLOCK YEAR .)
    TUN_TAP_MSG     reduce using rule 50 (date -> WEEK_DAY MONTH DAY CLOCK YEAR .)
    SIGTERM_MSG     reduce using rule 50 (date -> WEEK_DAY MONTH DAY CLOCK YEAR .)
    OPEN_VPN_MSG    reduce using rule 50 (date -> WEEK_DAY MONTH DAY CLOCK YEAR .)
    LIB_VER_MSG     reduce using rule 50 (date -> WEEK_DAY MONTH DAY CLOCK YEAR .)
    SYS_MSG         reduce using rule 50 (date -> WEEK_DAY MONTH DAY CLOCK YEAR .)
    CRYPTO_MSG      reduce using rule 50 (date -> WEEK_DAY MONTH DAY CLOCK YEAR .)
    ROUTE_GATEWAY   reduce using rule 50 (date -> WEEK_DAY MONTH DAY CLOCK YEAR .)
    IP_PROTOCOL     reduce using rule 50 (date -> WEEK_DAY MONTH DAY CLOCK YEAR .)
    CONN_MSG        reduce using rule 50 (date -> WEEK_DAY MONTH DAY CLOCK YEAR .)
    TCP_MSG         reduce using rule 50 (date -> WEEK_DAY MONTH DAY CLOCK YEAR .)
    IFCONFIG_END    reduce using rule 50 (date -> WEEK_DAY MONTH DAY CLOCK YEAR .)
    COMPLETED       reduce using rule 50 (date -> WEEK_DAY MONTH DAY CLOCK YEAR .)
    IP              reduce using rule 50 (date -> WEEK_DAY MONTH DAY CLOCK YEAR .)
    CARNET          reduce using rule 50 (date -> WEEK_DAY MONTH DAY CLOCK YEAR .)
    PROF            reduce using rule 50 (date -> WEEK_DAY MONTH DAY CLOCK YEAR .)


state 106

    (13) log_line -> date PLUGIN_MSG DIR SPECIAL_CHAR SPECIAL_CHAR DIR . SPECIAL_CHAR FLAGS SPECIAL_CHAR VAR_SET VAR_VAL

    SPECIAL_CHAR    shift and go to state 125


state 107

    (17) log_line -> date SBIN_IP_MSG IP IP_RNG PEER IP .

    ROUTE_HEADER    reduce using rule 17 (log_line -> date SBIN_IP_MSG IP IP_RNG PEER IP .)
    WEEK_DAY        reduce using rule 17 (log_line -> date SBIN_IP_MSG IP IP_RNG PEER IP .)
    $end            reduce using rule 17 (log_line -> date SBIN_IP_MSG IP IP_RNG PEER IP .)


state 108

    (27) log_line -> date IP PORT SYS_MSG FLAGS IP . PORT SPECIAL_CHAR VAR_SET VAR_VAL

    PORT            shift and go to state 126


state 109

    (29) log_line -> date IP PORT SYS_MSG slmtrp CN_SET .

    ROUTE_HEADER    reduce using rule 29 (log_line -> date IP PORT SYS_MSG slmtrp CN_SET .)
    WEEK_DAY        reduce using rule 29 (log_line -> date IP PORT SYS_MSG slmtrp CN_SET .)
    $end            reduce using rule 29 (log_line -> date IP PORT SYS_MSG slmtrp CN_SET .)


state 110

    (41) slmtrp -> SPECIAL_CHAR id SPECIAL_CHAR .

    PEER            reduce using rule 41 (slmtrp -> SPECIAL_CHAR id SPECIAL_CHAR .)
    COLON           reduce using rule 41 (slmtrp -> SPECIAL_CHAR id SPECIAL_CHAR .)
    CN_SET          reduce using rule 41 (slmtrp -> SPECIAL_CHAR id SPECIAL_CHAR .)


state 111

    (31) log_line -> date IP PORT slmtrp PEER IP . PORT

    PORT            shift and go to state 127


state 112

    (40) log_line -> date IP PORT PLUGIN_MSG DIR VAR_SET . VAR_VAL

    VAR_VAL         shift and go to state 128


state 113

    (11) log_line -> date LIB_VER_MSG DAY MONTH YEAR LIB_VER_MSG .

    ROUTE_HEADER    reduce using rule 11 (log_line -> date LIB_VER_MSG DAY MONTH YEAR LIB_VER_MSG .)
    WEEK_DAY        reduce using rule 11 (log_line -> date LIB_VER_MSG DAY MONTH YEAR LIB_VER_MSG .)
    $end            reduce using rule 11 (log_line -> date LIB_VER_MSG DAY MONTH YEAR LIB_VER_MSG .)


state 114

    (21) log_line -> date SYS_MSG SPECIAL_CHAR VAR_SET VAR_VAL VAR_SET . VAR_VAL

    VAR_VAL         shift and go to state 129


state 115

    (25) log_line -> date SYS_MSG VAR_SET VAR_VAL VAR_SET VAR_VAL .

    ROUTE_HEADER    reduce using rule 25 (log_line -> date SYS_MSG VAR_SET VAR_VAL VAR_SET VAR_VAL .)
    WEEK_DAY        reduce using rule 25 (log_line -> date SYS_MSG VAR_SET VAR_VAL VAR_SET VAR_VAL .)
    $end            reduce using rule 25 (log_line -> date SYS_MSG VAR_SET VAR_VAL VAR_SET VAR_VAL .)


state 116

    (15) log_line -> date ROUTE_GATEWAY IP SLASH IP VAR_SET . VAR_VAL VAR_SET VAR_VAL

    VAR_VAL         shift and go to state 130


state 117

    (19) log_line -> date CONN_MSG VAR_SET VAR_VAL VAR_SET VAR_VAL .

    ROUTE_HEADER    reduce using rule 19 (log_line -> date CONN_MSG VAR_SET VAR_VAL VAR_SET VAR_VAL .)
    WEEK_DAY        reduce using rule 19 (log_line -> date CONN_MSG VAR_SET VAR_VAL VAR_SET VAR_VAL .)
    $end            reduce using rule 19 (log_line -> date CONN_MSG VAR_SET VAR_VAL VAR_SET VAR_VAL .)


state 118

    (22) log_line -> date CONN_MSG VAR_SET IP VAR_SET VAR_VAL . SPECIAL_CHAR VAR_SET VAR_VAL

    SPECIAL_CHAR    shift and go to state 131


state 119

    (28) log_line -> date TCP_MSG IP PORT PLUGIN_MSG DIR . VAR_SET VAR_VAL

    VAR_SET         shift and go to state 132


state 120

    (35) log_line -> date userid CONN_MSG CONN_MSG IP SPECIAL_CHAR . SPECIAL_CHAR id SLASH IP PORT

    SPECIAL_CHAR    shift and go to state 133


state 121

    (32) log_line -> date userid CONN_MSG POOL_RET VAR_SET IP . SPECIAL_CHAR VAR_SET VAR_VAL

    SPECIAL_CHAR    shift and go to state 134


state 122

    (33) log_line -> date userid PLUGIN_MSG DIR VAR_SET VAR_VAL .

    ROUTE_HEADER    reduce using rule 33 (log_line -> date userid PLUGIN_MSG DIR VAR_SET VAR_VAL .)
    WEEK_DAY        reduce using rule 33 (log_line -> date userid PLUGIN_MSG DIR VAR_SET VAR_VAL .)
    $end            reduce using rule 33 (log_line -> date userid PLUGIN_MSG DIR VAR_SET VAR_VAL .)


state 123

    (36) log_line -> date userid SYS_MSG id SLASH IP . PORT COLON IP

    PORT            shift and go to state 135


state 124

    (38) log_line -> date userid SENT_CNT slmtrp COLON SPECIAL_CHAR . routeid TOPOLOGY IP IP SPECIAL_CHAR PEER SPECIAL_CHAR CIPHER SPECIAL_CHAR VAR_SET VAR_VAL
    (43) routeid -> . route routeid
    (44) routeid -> . route
    (45) route -> . ROUTE_FLAG VPN_IP IP
    (46) route -> . ROUTE_FLAG VPN_IP

    ROUTE_FLAG      shift and go to state 138

    routeid                        shift and go to state 136
    route                          shift and go to state 137

state 125

    (13) log_line -> date PLUGIN_MSG DIR SPECIAL_CHAR SPECIAL_CHAR DIR SPECIAL_CHAR . FLAGS SPECIAL_CHAR VAR_SET VAR_VAL

    FLAGS           shift and go to state 139


state 126

    (27) log_line -> date IP PORT SYS_MSG FLAGS IP PORT . SPECIAL_CHAR VAR_SET VAR_VAL

    SPECIAL_CHAR    shift and go to state 140


state 127

    (31) log_line -> date IP PORT slmtrp PEER IP PORT .

    ROUTE_HEADER    reduce using rule 31 (log_line -> date IP PORT slmtrp PEER IP PORT .)
    WEEK_DAY        reduce using rule 31 (log_line -> date IP PORT slmtrp PEER IP PORT .)
    $end            reduce using rule 31 (log_line -> date IP PORT slmtrp PEER IP PORT .)


state 128

    (40) log_line -> date IP PORT PLUGIN_MSG DIR VAR_SET VAR_VAL .

    ROUTE_HEADER    reduce using rule 40 (log_line -> date IP PORT PLUGIN_MSG DIR VAR_SET VAR_VAL .)
    WEEK_DAY        reduce using rule 40 (log_line -> date IP PORT PLUGIN_MSG DIR VAR_SET VAR_VAL .)
    $end            reduce using rule 40 (log_line -> date IP PORT PLUGIN_MSG DIR VAR_SET VAR_VAL .)


state 129

    (21) log_line -> date SYS_MSG SPECIAL_CHAR VAR_SET VAR_VAL VAR_SET VAR_VAL .

    ROUTE_HEADER    reduce using rule 21 (log_line -> date SYS_MSG SPECIAL_CHAR VAR_SET VAR_VAL VAR_SET VAR_VAL .)
    WEEK_DAY        reduce using rule 21 (log_line -> date SYS_MSG SPECIAL_CHAR VAR_SET VAR_VAL VAR_SET VAR_VAL .)
    $end            reduce using rule 21 (log_line -> date SYS_MSG SPECIAL_CHAR VAR_SET VAR_VAL VAR_SET VAR_VAL .)


state 130

    (15) log_line -> date ROUTE_GATEWAY IP SLASH IP VAR_SET VAR_VAL . VAR_SET VAR_VAL

    VAR_SET         shift and go to state 141


state 131

    (22) log_line -> date CONN_MSG VAR_SET IP VAR_SET VAR_VAL SPECIAL_CHAR . VAR_SET VAR_VAL

    VAR_SET         shift and go to state 142


state 132

    (28) log_line -> date TCP_MSG IP PORT PLUGIN_MSG DIR VAR_SET . VAR_VAL

    VAR_VAL         shift and go to state 143


state 133

    (35) log_line -> date userid CONN_MSG CONN_MSG IP SPECIAL_CHAR SPECIAL_CHAR . id SLASH IP PORT
    (48) id -> . CARNET
    (49) id -> . PROF

    CARNET          shift and go to state 30
    PROF            shift and go to state 31

    id                             shift and go to state 144

state 134

    (32) log_line -> date userid CONN_MSG POOL_RET VAR_SET IP SPECIAL_CHAR . VAR_SET VAR_VAL

    VAR_SET         shift and go to state 145


state 135

    (36) log_line -> date userid SYS_MSG id SLASH IP PORT . COLON IP

    COLON           shift and go to state 146


state 136

    (38) log_line -> date userid SENT_CNT slmtrp COLON SPECIAL_CHAR routeid . TOPOLOGY IP IP SPECIAL_CHAR PEER SPECIAL_CHAR CIPHER SPECIAL_CHAR VAR_SET VAR_VAL

    TOPOLOGY        shift and go to state 147


state 137

    (43) routeid -> route . routeid
    (44) routeid -> route .
    (43) routeid -> . route routeid
    (44) routeid -> . route
    (45) route -> . ROUTE_FLAG VPN_IP IP
    (46) route -> . ROUTE_FLAG VPN_IP

    TOPOLOGY        reduce using rule 44 (routeid -> route .)
    ROUTE_FLAG      shift and go to state 138

    route                          shift and go to state 137
    routeid                        shift and go to state 148

state 138

    (45) route -> ROUTE_FLAG . VPN_IP IP
    (46) route -> ROUTE_FLAG . VPN_IP

    VPN_IP          shift and go to state 149


state 139

    (13) log_line -> date PLUGIN_MSG DIR SPECIAL_CHAR SPECIAL_CHAR DIR SPECIAL_CHAR FLAGS . SPECIAL_CHAR VAR_SET VAR_VAL

    SPECIAL_CHAR    shift and go to state 150


state 140

    (27) log_line -> date IP PORT SYS_MSG FLAGS IP PORT SPECIAL_CHAR . VAR_SET VAR_VAL

    VAR_SET         shift and go to state 151


state 141

    (15) log_line -> date ROUTE_GATEWAY IP SLASH IP VAR_SET VAR_VAL VAR_SET . VAR_VAL

    VAR_VAL         shift and go to state 152


state 142

    (22) log_line -> date CONN_MSG VAR_SET IP VAR_SET VAR_VAL SPECIAL_CHAR VAR_SET . VAR_VAL

    VAR_VAL         shift and go to state 153


state 143

    (28) log_line -> date TCP_MSG IP PORT PLUGIN_MSG DIR VAR_SET VAR_VAL .

    ROUTE_HEADER    reduce using rule 28 (log_line -> date TCP_MSG IP PORT PLUGIN_MSG DIR VAR_SET VAR_VAL .)
    WEEK_DAY        reduce using rule 28 (log_line -> date TCP_MSG IP PORT PLUGIN_MSG DIR VAR_SET VAR_VAL .)
    $end            reduce using rule 28 (log_line -> date TCP_MSG IP PORT PLUGIN_MSG DIR VAR_SET VAR_VAL .)


state 144

    (35) log_line -> date userid CONN_MSG CONN_MSG IP SPECIAL_CHAR SPECIAL_CHAR id . SLASH IP PORT

    SLASH           shift and go to state 154


state 145

    (32) log_line -> date userid CONN_MSG POOL_RET VAR_SET IP SPECIAL_CHAR VAR_SET . VAR_VAL

    VAR_VAL         shift and go to state 155


state 146

    (36) log_line -> date userid SYS_MSG id SLASH IP PORT COLON . IP

    IP              shift and go to state 156


state 147

    (38) log_line -> date userid SENT_CNT slmtrp COLON SPECIAL_CHAR routeid TOPOLOGY . IP IP SPECIAL_CHAR PEER SPECIAL_CHAR CIPHER SPECIAL_CHAR VAR_SET VAR_VAL

    IP              shift and go to state 157


state 148

    (43) routeid -> route routeid .

    TOPOLOGY        reduce using rule 43 (routeid -> route routeid .)


state 149

    (45) route -> ROUTE_FLAG VPN_IP . IP
    (46) route -> ROUTE_FLAG VPN_IP .

    IP              shift and go to state 158
    ROUTE_FLAG      reduce using rule 46 (route -> ROUTE_FLAG VPN_IP .)
    TOPOLOGY        reduce using rule 46 (route -> ROUTE_FLAG VPN_IP .)


state 150

    (13) log_line -> date PLUGIN_MSG DIR SPECIAL_CHAR SPECIAL_CHAR DIR SPECIAL_CHAR FLAGS SPECIAL_CHAR . VAR_SET VAR_VAL

    VAR_SET         shift and go to state 159


state 151

    (27) log_line -> date IP PORT SYS_MSG FLAGS IP PORT SPECIAL_CHAR VAR_SET . VAR_VAL

    VAR_VAL         shift and go to state 160


state 152

    (15) log_line -> date ROUTE_GATEWAY IP SLASH IP VAR_SET VAR_VAL VAR_SET VAR_VAL .

    ROUTE_HEADER    reduce using rule 15 (log_line -> date ROUTE_GATEWAY IP SLASH IP VAR_SET VAR_VAL VAR_SET VAR_VAL .)
    WEEK_DAY        reduce using rule 15 (log_line -> date ROUTE_GATEWAY IP SLASH IP VAR_SET VAR_VAL VAR_SET VAR_VAL .)
    $end            reduce using rule 15 (log_line -> date ROUTE_GATEWAY IP SLASH IP VAR_SET VAR_VAL VAR_SET VAR_VAL .)


state 153

    (22) log_line -> date CONN_MSG VAR_SET IP VAR_SET VAR_VAL SPECIAL_CHAR VAR_SET VAR_VAL .

    ROUTE_HEADER    reduce using rule 22 (log_line -> date CONN_MSG VAR_SET IP VAR_SET VAR_VAL SPECIAL_CHAR VAR_SET VAR_VAL .)
    WEEK_DAY        reduce using rule 22 (log_line -> date CONN_MSG VAR_SET IP VAR_SET VAR_VAL SPECIAL_CHAR VAR_SET VAR_VAL .)
    $end            reduce using rule 22 (log_line -> date CONN_MSG VAR_SET IP VAR_SET VAR_VAL SPECIAL_CHAR VAR_SET VAR_VAL .)


state 154

    (35) log_line -> date userid CONN_MSG CONN_MSG IP SPECIAL_CHAR SPECIAL_CHAR id SLASH . IP PORT

    IP              shift and go to state 161


state 155

    (32) log_line -> date userid CONN_MSG POOL_RET VAR_SET IP SPECIAL_CHAR VAR_SET VAR_VAL .

    ROUTE_HEADER    reduce using rule 32 (log_line -> date userid CONN_MSG POOL_RET VAR_SET IP SPECIAL_CHAR VAR_SET VAR_VAL .)
    WEEK_DAY        reduce using rule 32 (log_line -> date userid CONN_MSG POOL_RET VAR_SET IP SPECIAL_CHAR VAR_SET VAR_VAL .)
    $end            reduce using rule 32 (log_line -> date userid CONN_MSG POOL_RET VAR_SET IP SPECIAL_CHAR VAR_SET VAR_VAL .)


state 156

    (36) log_line -> date userid SYS_MSG id SLASH IP PORT COLON IP .

    ROUTE_HEADER    reduce using rule 36 (log_line -> date userid SYS_MSG id SLASH IP PORT COLON IP .)
    WEEK_DAY        reduce using rule 36 (log_line -> date userid SYS_MSG id SLASH IP PORT COLON IP .)
    $end            reduce using rule 36 (log_line -> date userid SYS_MSG id SLASH IP PORT COLON IP .)


state 157

    (38) log_line -> date userid SENT_CNT slmtrp COLON SPECIAL_CHAR routeid TOPOLOGY IP . IP SPECIAL_CHAR PEER SPECIAL_CHAR CIPHER SPECIAL_CHAR VAR_SET VAR_VAL

    IP              shift and go to state 162


state 158

    (45) route -> ROUTE_FLAG VPN_IP IP .

    ROUTE_FLAG      reduce using rule 45 (route -> ROUTE_FLAG VPN_IP IP .)
    TOPOLOGY        reduce using rule 45 (route -> ROUTE_FLAG VPN_IP IP .)


state 159

    (13) log_line -> date PLUGIN_MSG DIR SPECIAL_CHAR SPECIAL_CHAR DIR SPECIAL_CHAR FLAGS SPECIAL_CHAR VAR_SET . VAR_VAL

    VAR_VAL         shift and go to state 163


state 160

    (27) log_line -> date IP PORT SYS_MSG FLAGS IP PORT SPECIAL_CHAR VAR_SET VAR_VAL .

    ROUTE_HEADER    reduce using rule 27 (log_line -> date IP PORT SYS_MSG FLAGS IP PORT SPECIAL_CHAR VAR_SET VAR_VAL .)
    WEEK_DAY        reduce using rule 27 (log_line -> date IP PORT SYS_MSG FLAGS IP PORT SPECIAL_CHAR VAR_SET VAR_VAL .)
    $end            reduce using rule 27 (log_line -> date IP PORT SYS_MSG FLAGS IP PORT SPECIAL_CHAR VAR_SET VAR_VAL .)


state 161

    (35) log_line -> date userid CONN_MSG CONN_MSG IP SPECIAL_CHAR SPECIAL_CHAR id SLASH IP . PORT

    PORT            shift and go to state 164


state 162

    (38) log_line -> date userid SENT_CNT slmtrp COLON SPECIAL_CHAR routeid TOPOLOGY IP IP . SPECIAL_CHAR PEER SPECIAL_CHAR CIPHER SPECIAL_CHAR VAR_SET VAR_VAL

    SPECIAL_CHAR    shift and go to state 165


state 163

    (13) log_line -> date PLUGIN_MSG DIR SPECIAL_CHAR SPECIAL_CHAR DIR SPECIAL_CHAR FLAGS SPECIAL_CHAR VAR_SET VAR_VAL .

    ROUTE_HEADER    reduce using rule 13 (log_line -> date PLUGIN_MSG DIR SPECIAL_CHAR SPECIAL_CHAR DIR SPECIAL_CHAR FLAGS SPECIAL_CHAR VAR_SET VAR_VAL .)
    WEEK_DAY        reduce using rule 13 (log_line -> date PLUGIN_MSG DIR SPECIAL_CHAR SPECIAL_CHAR DIR SPECIAL_CHAR FLAGS SPECIAL_CHAR VAR_SET VAR_VAL .)
    $end            reduce using rule 13 (log_line -> date PLUGIN_MSG DIR SPECIAL_CHAR SPECIAL_CHAR DIR SPECIAL_CHAR FLAGS SPECIAL_CHAR VAR_SET VAR_VAL .)


state 164

    (35) log_line -> date userid CONN_MSG CONN_MSG IP SPECIAL_CHAR SPECIAL_CHAR id SLASH IP PORT .

    ROUTE_HEADER    reduce using rule 35 (log_line -> date userid CONN_MSG CONN_MSG IP SPECIAL_CHAR SPECIAL_CHAR id SLASH IP PORT .)
    WEEK_DAY        reduce using rule 35 (log_line -> date userid CONN_MSG CONN_MSG IP SPECIAL_CHAR SPECIAL_CHAR id SLASH IP PORT .)
    $end            reduce using rule 35 (log_line -> date userid CONN_MSG CONN_MSG IP SPECIAL_CHAR SPECIAL_CHAR id SLASH IP PORT .)


state 165

    (38) log_line -> date userid SENT_CNT slmtrp COLON SPECIAL_CHAR routeid TOPOLOGY IP IP SPECIAL_CHAR . PEER SPECIAL_CHAR CIPHER SPECIAL_CHAR VAR_SET VAR_VAL

    PEER            shift and go to state 166


state 166

    (38) log_line -> date userid SENT_CNT slmtrp COLON SPECIAL_CHAR routeid TOPOLOGY IP IP SPECIAL_CHAR PEER . SPECIAL_CHAR CIPHER SPECIAL_CHAR VAR_SET VAR_VAL

    SPECIAL_CHAR    shift and go to state 167


state 167

    (38) log_line -> date userid SENT_CNT slmtrp COLON SPECIAL_CHAR routeid TOPOLOGY IP IP SPECIAL_CHAR PEER SPECIAL_CHAR . CIPHER SPECIAL_CHAR VAR_SET VAR_VAL

    CIPHER          shift and go to state 168


state 168

    (38) log_line -> date userid SENT_CNT slmtrp COLON SPECIAL_CHAR routeid TOPOLOGY IP IP SPECIAL_CHAR PEER SPECIAL_CHAR CIPHER . SPECIAL_CHAR VAR_SET VAR_VAL

    SPECIAL_CHAR    shift and go to state 169


state 169

    (38) log_line -> date userid SENT_CNT slmtrp COLON SPECIAL_CHAR routeid TOPOLOGY IP IP SPECIAL_CHAR PEER SPECIAL_CHAR CIPHER SPECIAL_CHAR . VAR_SET VAR_VAL

    VAR_SET         shift and go to state 170


state 170

    (38) log_line -> date userid SENT_CNT slmtrp COLON SPECIAL_CHAR routeid TOPOLOGY IP IP SPECIAL_CHAR PEER SPECIAL_CHAR CIPHER SPECIAL_CHAR VAR_SET . VAR_VAL

    VAR_VAL         shift and go to state 171


state 171

    (38) log_line -> date userid SENT_CNT slmtrp COLON SPECIAL_CHAR routeid TOPOLOGY IP IP SPECIAL_CHAR PEER SPECIAL_CHAR CIPHER SPECIAL_CHAR VAR_SET VAR_VAL .

    ROUTE_HEADER    reduce using rule 38 (log_line -> date userid SENT_CNT slmtrp COLON SPECIAL_CHAR routeid TOPOLOGY IP IP SPECIAL_CHAR PEER SPECIAL_CHAR CIPHER SPECIAL_CHAR VAR_SET VAR_VAL .)
    WEEK_DAY        reduce using rule 38 (log_line -> date userid SENT_CNT slmtrp COLON SPECIAL_CHAR routeid TOPOLOGY IP IP SPECIAL_CHAR PEER SPECIAL_CHAR CIPHER SPECIAL_CHAR VAR_SET VAR_VAL .)
    $end            reduce using rule 38 (log_line -> date userid SENT_CNT slmtrp COLON SPECIAL_CHAR routeid TOPOLOGY IP IP SPECIAL_CHAR PEER SPECIAL_CHAR CIPHER SPECIAL_CHAR VAR_SET VAR_VAL .)

WARNING: 
WARNING: Conflicts:
WARNING: 
WARNING: reduce/reduce conflict in state 3 resolved using rule (main_rule -> log_line)
WARNING: rejected rule (empty -> <empty>) in state 3
